dictionary test: american-english
Hash table usage ratio OK, nest usage ratio OK
Word table capacity 131072, used 99171, #nests 16384
dictionary test: library-symbols
Hash table usage ratio OK, nest usage ratio OK
Word table capacity 131072, used 69063, #nests 16384
dictionary test: linux-manifest
Hash table usage ratio OK, nest usage ratio OK
Word table capacity 16384, used 9855, #nests 2048
dictionary test: primes
Hash table usage ratio OK, nest usage ratio OK
Word table capacity 1048576, used 664579, #nests 131072
dictionary test: unicode-names
Hash table usage ratio OK, nest usage ratio OK
Word table capacity 16384, used 10538, #nests 2048
dictionary test: war-and-peace-paragraphs.txt
Hash table usage ratio OK, nest usage ratio OK
Word table capacity 65536, used 38068, #nests 8192
dictionary test: wordlist
Hash table usage ratio OK, nest usage ratio OK
Word table capacity 262144, used 173528, #nests 32768
free test
oob test
Hash table usage ratio OK, nest usage ratio OK
