dictionary test: american-english
inserted 99171 words
Hash table usage ratio OK, nest usage ratio OK
Word table usage ratio OK, nest usage ratio OK
dictionary test: library-symbols
inserted 68936 words
Hash table usage ratio OK, nest usage ratio OK
Word table usage ratio OK, nest usage ratio OK
dictionary test: linux-manifest
inserted 9855 words
Hash table usage ratio OK, nest usage ratio OK
Word table usage ratio OK, nest usage ratio OK
dictionary test: oeis-numbers
inserted 1934164 words
Hash table usage ratio OK, nest usage ratio OK
Word table usage ratio OK, nest usage ratio OK
dictionary test: primes
inserted 664579 words
Hash table usage ratio OK, nest usage ratio OK
Word table usage ratio OK, nest usage ratio OK
dictionary test: unicode-names
inserted 10538 words
Hash table usage ratio OK, nest usage ratio OK
Word table usage ratio OK, nest usage ratio OK
dictionary test: war-and-peace-paragraphs.txt
inserted 11553 words
Hash table usage ratio OK, nest usage ratio OK
Word table usage ratio OK, nest usage ratio OK
dictionary test: wordlist
inserted 173528 words
Hash table usage ratio OK, nest usage ratio OK
Word table usage ratio OK, nest usage ratio OK
free test
oob test
Hash table usage ratio OK, nest usage ratio OK
