Testing N-Z conversion
form: n2z five
norm: \_ f x. f (f (f (f (f x))))
read: +5
======================================================================
form: n2zinv three
norm: \s f x. s (f (f (f x)))
read: -3
======================================================================
form: z2n z0
norm: \f x. x
read: False
read: 0
======================================================================
form: z2n z-4
norm: \f x. f (f (f (f x)))
read: 4
======================================================================
form: z2n z6
norm: \f x. f (f (f (f (f (f x)))))
read: 6
======================================================================
form: abs z0
norm: \_ f x. x
read: +0
======================================================================
form: abs z-4
norm: \_ f x. f (f (f (f x)))
read: +4
======================================================================
form: abs z6
norm: \_ f x. f (f (f (f (f (f x)))))
read: +6
======================================================================
Testing 3-way sign branches
form: signum one two three z5
norm: \f x. f x
read: 1
======================================================================
form: signum one two three z0
norm: \f x. f (f x)
read: 2
======================================================================
form: signum one two three z-3
norm: \f x. f (f (f x))
read: 3
======================================================================
form: branch z5 one two three
norm: \f x. f x
read: 1
======================================================================
form: branch z0 one two three
norm: \f x. f (f x)
read: 2
======================================================================
form: branch z-3 one two three
norm: \f x. f (f (f x))
read: 3
======================================================================
Testing sign testing
form: z0p z0
norm: \x _. x
read: True
======================================================================
form: z0p z4
norm: \_ y. y
read: False
read: 0
======================================================================
form: z0p z-4
norm: \_ y. y
read: False
read: 0
======================================================================
form: negp z0
norm: \_ y. y
read: False
read: 0
======================================================================
form: negp z4
norm: \_ y. y
read: False
read: 0
======================================================================
form: negp z-4
norm: \x _. x
read: True
======================================================================
form: posp z0
norm: \_ y. y
read: False
read: 0
======================================================================
form: posp z4
norm: \x _. x
read: True
======================================================================
form: posp z-4
norm: \_ y. y
read: False
read: 0
======================================================================
Testing integer inverse and successor
form: zinv z0
norm: \_ f x. x
read: +0
======================================================================
form: zinv z1
norm: \s f x. s (f x)
read: -1
======================================================================
form: zinv z2
norm: \s f x. s (f (f x))
read: -2
======================================================================
form: zinv z-1
norm: \_ f x. f x
read: +1
======================================================================
form: zinv z-2
norm: \_ f x. f (f x)
read: +2
======================================================================
form: zsucc z-2
norm: \s f x. s (f x)
read: -1
======================================================================
form: zsucc (zsucc z-2)
norm: \_ f x. x
read: +0
======================================================================
form: zsucc (zsucc (zsucc z-2))
norm: \_ f x. f x
read: +1
======================================================================
form: zsucc (zsucc (zsucc (zsucc z-2)))
norm: \_ f x. f (f x)
read: +2
======================================================================
Testing integer addition
form: zadd z0 z0
norm: \_ f x. x
read: +0
======================================================================
form: zadd z1 z0
norm: \_ f x. f x
read: +1
======================================================================
form: zadd z0 z1
norm: \_ f x. f x
read: +1
======================================================================
form: zadd z1 z1
norm: \_ f x. f (f x)
read: +2
======================================================================
form: zadd z-1 z1
norm: \_ f x. x
read: +0
======================================================================
form: zadd z1 z-1
norm: \_ f x. x
read: +0
======================================================================
form: zadd z-1 z-1
norm: \s f x. s (f (f x))
read: -2
======================================================================
form: zadd z5 z-5
norm: \_ f x. x
read: +0
======================================================================
form: zadd z5 z8
norm: \_ f x. f (f (f (f (f (f (f (f (f (f (f (f (f x))))))))))))
read: +13
======================================================================
form: zadd z5 z-8
norm: \s f x. s (f (f (f x)))
read: -3
======================================================================
form: zadd z-7 z6
norm: \s f x. s (f x)
read: -1
======================================================================
form: zadd z-7 z-5
norm: \s f x. s (f (f (f (f (f (f (f (f (f (f (f (f x))))))))))))
read: -12
======================================================================
Testing integer subtraction
form: zsub z2 z2
norm: \_ f x. x
read: +0
======================================================================
form: zsub z2 z0
norm: \_ f x. f (f x)
read: +2
======================================================================
form: zsub z4 z2
norm: \_ f x. f (f x)
read: +2
======================================================================
form: zsub z2 z4
norm: \s f x. s (f (f x))
read: -2
======================================================================
form: zsub z-3 z-2
norm: \s f x. s (f x)
read: -1
======================================================================
form: zsub z-3 z8
norm: \s f x. s (f (f (f (f (f (f (f (f (f (f (f x)))))))))))
read: -11
======================================================================
form: zsub z7 z-10
norm: \_ f x. f (f (f (f (f (f (f (f (f (f (f (f (f (f (f (f (f x))))))))))))))))
read: +17
======================================================================
Testing zeq
form: zeq z0 z0
norm: \x _. x
read: True
======================================================================
form: zeq z1 z0
norm: \_ y. y
read: False
read: 0
======================================================================
form: zeq z1 z1
norm: \x _. x
read: True
======================================================================
form: zeq z-1 z-1
norm: \x _. x
read: True
======================================================================
form: zeq z3 z3
norm: \x _. x
read: True
======================================================================
Testing zlt
form: zlt z0 z0
norm: \_ y. y
read: False
read: 0
======================================================================
form: zlt z0 z1
norm: \x _. x
read: True
======================================================================
form: zlt z1 z0
norm: \_ y. y
read: False
read: 0
======================================================================
form: zlt z2 z3
norm: \x _. x
read: True
======================================================================
form: zlt z3 z2
norm: \_ y. y
read: False
read: 0
======================================================================
form: zlt z-2 z-3
norm: \_ y. y
read: False
read: 0
======================================================================
form: zlt z-3 z-2
norm: \x _. x
read: True
======================================================================
form: zlt z-2 z2
norm: \x _. x
read: True
======================================================================
form: zlt z2 z-2
norm: \_ y. y
read: False
read: 0
======================================================================
form: zlt z-4 z-4
norm: \_ y. y
read: False
read: 0
======================================================================
form: zlt z4 z4
norm: \_ y. y
read: False
read: 0
======================================================================
Testing zgt
form: zgt z0 z0
norm: \_ y. y
read: False
read: 0
======================================================================
form: zgt z0 z1
norm: \_ y. y
read: False
read: 0
======================================================================
form: zgt z1 z0
norm: \x _. x
read: True
======================================================================
form: zgt z2 z3
norm: \_ y. y
read: False
read: 0
======================================================================
form: zgt z3 z2
norm: \x _. x
read: True
======================================================================
form: zgt z-2 z-3
norm: \x _. x
read: True
======================================================================
form: zgt z-3 z-2
norm: \_ y. y
read: False
read: 0
======================================================================
form: zgt z-2 z2
norm: \_ y. y
read: False
read: 0
======================================================================
form: zgt z2 z-2
norm: \x _. x
read: True
======================================================================
form: zgt z-4 z-4
norm: \_ y. y
read: False
read: 0
======================================================================
form: zgt z4 z4
norm: \_ y. y
read: False
read: 0
======================================================================
Testing zlte
form: zlte z0 z0
norm: \x _. x
read: True
======================================================================
form: zlte z0 z1
norm: \x _. x
read: True
======================================================================
form: zlte z1 z0
norm: \_ y. y
read: False
read: 0
======================================================================
form: zlte z2 z3
norm: \x _. x
read: True
======================================================================
form: zlte z3 z2
norm: \_ y. y
read: False
read: 0
======================================================================
form: zlte z-2 z-3
norm: \_ y. y
read: False
read: 0
======================================================================
form: zlte z-3 z-2
norm: \x _. x
read: True
======================================================================
form: zlte z-2 z2
norm: \x _. x
read: True
======================================================================
form: zlte z2 z-2
norm: \_ y. y
read: False
read: 0
======================================================================
form: zlte z-4 z-4
norm: \x _. x
read: True
======================================================================
form: zlte z4 z4
norm: \x _. x
read: True
======================================================================
Testing zgte
form: zgte z0 z0
norm: \x _. x
read: True
======================================================================
form: zgte z0 z1
norm: \_ y. y
read: False
read: 0
======================================================================
form: zgte z1 z0
norm: \x _. x
read: True
======================================================================
form: zgte z2 z3
norm: \_ y. y
read: False
read: 0
======================================================================
form: zgte z3 z2
norm: \x _. x
read: True
======================================================================
form: zgte z-2 z-3
norm: \x _. x
read: True
======================================================================
form: zgte z-3 z-2
norm: \_ y. y
read: False
read: 0
======================================================================
form: zgte z-2 z2
norm: \_ y. y
read: False
read: 0
======================================================================
form: zgte z2 z-2
norm: \x _. x
read: True
======================================================================
form: zgte z-4 z-4
norm: \x _. x
read: True
======================================================================
form: zgte z4 z4
norm: \x _. x
read: True
======================================================================
Testing zmult
form: zmult z0 z0
norm: \_ f x. x
read: +0
======================================================================
form: zmult z3 z0
norm: \_ f x. x
read: +0
======================================================================
form: zmult z0 z-2
norm: \_ f x. x
read: +0
======================================================================
form: zmult z1 z-5
norm: \s f x. s (f (f (f (f (f x)))))
read: -5
======================================================================
form: zmult z-1 z-1
norm: \_ f x. f x
read: +1
======================================================================
form: zmult z6 z-3
norm: \s f x. s (f (f (f (f (f (f (f (f (f (f (f (f (f (f (f (f (f (f x))))))))))))))))))
read: -18
======================================================================
form: zmult z5 z5
norm: \_ f x. f (f (f (f (f (f (f (f (f (f (f (f (f (f (f (f (f (f (f (f (f (f (f (f (f x))))))))))))))))))))))))
read: +25
======================================================================
form: zmult z-2 z4
norm: \s f x. s (f (f (f (f (f (f (f (f x))))))))
read: -8
======================================================================
form: zmult z-7 z-7
norm: \_ f x. f (f (f (f (f (f (f (f (f (f (f (f (f (f (f (f (f (f (f (f (f (f (f (f (f (f (f (f (f (f (f (f (f (f (f (f (f (f (f (f (f (f (f (f (f (f (f (f (f x))))))))))))))))))))))))))))))))))))))))))))))))
read: +49
======================================================================
Testing zdiv
form: zdiv z0 z4
norm: \_ f x. x
read: +0
======================================================================
form: zdiv z0 z-3
norm: \_ f x. x
read: +0
======================================================================
form: zdiv z-5 z2
norm: \s f x. s (f (f x))
read: -2
======================================================================
form: zdiv z-6 z-3
norm: \_ f x. f (f x)
read: +2
======================================================================
form: zdiv z8 z4
norm: \_ f x. f (f x)
read: +2
======================================================================
form: zdiv z6 z-3
norm: \s f x. s (f (f x))
read: -2
======================================================================
