Testing closed triples
form: trip1 triple
norm: \f x. f (f (f (f (f (f (f (f x)))))))
read: 8
======================================================================
form: car (trip2 triple)
norm: \f x. f (f (f (f (f x))))
read: 5
======================================================================
form: cdr (trip2 triple)
norm: \f x. f (f x)
read: 2
======================================================================
form: trip3 triple
norm: \f x. f (f (f x))
read: 3
======================================================================
Testing open triples
form: trip1 ducklings
norm: huey
======================================================================
form: trip2 ducklings
norm: dewey
======================================================================
form: trip3 ducklings
norm: louie
======================================================================
