form: (\x. x) (\y. y) v
norm: v
======================================================================
form: S (K S) K
norm: \z y zA. z (y zA)
read: -1
======================================================================
form: div six two
norm: \f x. f (f (f x))
read: 3
======================================================================
form: pred-primitive one
norm: \f x. x
read: False
read: 0
======================================================================
form: divmod five two
norm: \f. f (\fA x. fA (fA x)) (\fA x. fA x)
======================================================================
form: cube one
norm: \f x. f x
read: 1
======================================================================
form: pow one one
norm: \x xA. x xA
read: 1
======================================================================
form: sub two one
norm: \f x. f x
read: 1
======================================================================
