Random integer comparison cases:
#+0
#+1
#+0
#+1
#+0
#-1
#+0
#-1
#+0
#+1
#+0
#+1
#+0
#-1
#+0
#+1
#+0
#+1
#+0
#-1
#+0
#+1
#+0
#-1
#+0
#+1
#+0
#+1
#+0
#+1
#+0
#-1
#+0
#+1
#+0
#+1
#+0
#+1
#+0
#+1
#+0
#+1
#+0
#-1
#+0
#-1
#+0
#-1
#+0
#+1
#+0
#+1
#+0
#-1
#+0
#+1
#+0
#+1
#+0
#+1
#+0
#+1
#+0
#+1
#+0
#+1
#+0
#+1
#+0
#-1
#+0
#+1
#+0
#+1
#+0
#+1
#+0
#-1
#+0
#-1
#+0
#-1
#+0
#+1
#+0
#-1
#+0
#-1
#+0
#+1
#+0
#-1
#+0
#+1
#+0
#+1
#+0
#+1
#+0
#+1
#+0
#-1
#+0
#+1
#+0
#+1
#+0
#+1
#+0
#+1
#+0
#+1
#+0
#+1
#+0
#-1
#+0
#-1
#+0
#-1
#+0
#-1
#+0
#+1
#+0
#+1
#+0
#-1
#+0
#+1
#+0
#+1
#+0
#+1
#+0
#+1
#+0
#-1
#+0
#+1
#+0
#-1
#+0
#-1
#+0
#-1
#+0
#+1
#+0
#+1
#+0
#-1
#+0
#+1
#+0
#-1
#+0
#-1
#+0
#+1
#+0
#+1
#+0
#-1
#+0
#-1
#+0
#+1
#+0
#+1
#+0
#+1
#+0
#+1
#+0
#-1
#+0
#-1
#+0
#+1
#+0
#+1
#+0
#-1
#+0
#+1
#+0
#+1
#+0
#-1
#+0
#+1
#+0
#+1
#+0
#-1
#+0
#+1
#+0
#+1
