Testing pairs
term: (\p. p (\x _. x)) ((\x y f. f x y) (\f x. f (f (f (f x)))) (\f x. f (f x)))
dbix: ((\ (0 (\ (\ 1)))) (((\ (\ (\ ((0 2) 1)))) (\ (\ (1 (1 (1 (1 0))))))) (\ (\ (1 (1 0))))))
norm: (\ (\ (1 (1 (1 (1 0))))))
read: 4
term: (\p. p (\_ y. y)) ((\x y f. f x y) (\f x. f (f (f (f x)))) (\f x. f (f x)))
dbix: ((\ (0 (\ (\ 0)))) (((\ (\ (\ ((0 2) 1)))) (\ (\ (1 (1 (1 (1 0))))))) (\ (\ (1 (1 0))))))
norm: (\ (\ (1 (1 0))))
read: 2
Testing lists, NIL, and NULLP
term: (\p. p (\_ _ _ y. y)) (\_ x _. x)
dbix: ((\ (0 (\ (\ (\ (\ 0)))))) (\ (\ (\ 1))))
norm: (\ (\ 1))
read: TRUE
term: (\p. p (\_ _ _ y. y)) ((\x y f. f x y) (\f x. f (f (f (f x)))) (\f x. f (f x)))
dbix: ((\ (0 (\ (\ (\ (\ 0)))))) (((\ (\ (\ ((0 2) 1)))) (\ (\ (1 (1 (1 (1 0))))))) (\ (\ (1 (1 0))))))
norm: (\ (\ 0))
read: FALSE
read: 0
term: (\p. p (\_ _ _ y. y)) ((\x y f. f x y) (\f x. f (f (f x))) ((\x y f. f x y) (\f x. f (f x)) ((\x y f. f x y) (\f x. f x) (\_ x _. x))))
dbix: ((\ (0 (\ (\ (\ (\ 0)))))) (((\ (\ (\ ((0 2) 1)))) (\ (\ (1 (1 (1 0)))))) (((\ (\ (\ ((0 2) 1)))) (\ (\ (1 (1 0))))) (((\ (\ (\ ((0 2) 1)))) (\ (\ (1 0)))) (\ (\ (\ 1)))))))
norm: (\ (\ 0))
read: FALSE
read: 0
term: (\p. p (\x _. x)) ((\x y f. f x y) (\f x. f (f (f x))) ((\x y f. f x y) (\f x. f (f x)) ((\x y f. f x y) (\f x. f x) (\_ x _. x))))
dbix: ((\ (0 (\ (\ 1)))) (((\ (\ (\ ((0 2) 1)))) (\ (\ (1 (1 (1 0)))))) (((\ (\ (\ ((0 2) 1)))) (\ (\ (1 (1 0))))) (((\ (\ (\ ((0 2) 1)))) (\ (\ (1 0)))) (\ (\ (\ 1)))))))
norm: (\ (\ (1 (1 (1 0)))))
read: 3
term: (\p. p (\x _. x)) ((\p. p (\_ y. y)) ((\x y f. f x y) (\f x. f (f (f x))) ((\x y f. f x y) (\f x. f (f x)) ((\x y f. f x y) (\f x. f x) (\_ x _. x)))))
dbix: ((\ (0 (\ (\ 1)))) ((\ (0 (\ (\ 0)))) (((\ (\ (\ ((0 2) 1)))) (\ (\ (1 (1 (1 0)))))) (((\ (\ (\ ((0 2) 1)))) (\ (\ (1 (1 0))))) (((\ (\ (\ ((0 2) 1)))) (\ (\ (1 0)))) (\ (\ (\ 1))))))))
norm: (\ (\ (1 (1 0))))
read: 2
Testing PRED and SUB
term: (\n. (\p. p (\x _. x)) (n (\x. (\x y f. f x y) ((\p. p (\_ y. y)) x) ((\n f x. f (n f x)) ((\p. p (\_ y. y)) x))) ((\x y f. f x y) (\f x. x) (\f x. x)))) (\f x. x)
dbix: ((\ ((\ (0 (\ (\ 1)))) ((0 (\ (((\ (\ (\ ((0 2) 1)))) ((\ (0 (\ (\ 0)))) 0)) ((\ (\ (\ (1 ((2 1) 0))))) ((\ (0 (\ (\ 0)))) 0))))) (((\ (\ (\ ((0 2) 1)))) (\ (\ 0))) (\ (\ 0)))))) (\ (\ 0)))
norm: (\ (\ 0))
read: FALSE
read: 0
term: (\n. (\p. p (\x _. x)) (n (\x. (\x y f. f x y) ((\p. p (\_ y. y)) x) ((\n f x. f (n f x)) ((\p. p (\_ y. y)) x))) ((\x y f. f x y) (\f x. x) (\f x. x)))) (\f x. f x)
dbix: ((\ ((\ (0 (\ (\ 1)))) ((0 (\ (((\ (\ (\ ((0 2) 1)))) ((\ (0 (\ (\ 0)))) 0)) ((\ (\ (\ (1 ((2 1) 0))))) ((\ (0 (\ (\ 0)))) 0))))) (((\ (\ (\ ((0 2) 1)))) (\ (\ 0))) (\ (\ 0)))))) (\ (\ (1 0))))
norm: (\ (\ 0))
read: FALSE
read: 0
term: (\n. (\p. p (\x _. x)) (n (\x. (\x y f. f x y) ((\p. p (\_ y. y)) x) ((\n f x. f (n f x)) ((\p. p (\_ y. y)) x))) ((\x y f. f x y) (\f x. x) (\f x. x)))) (\f x. f (f (f (f (f (f (f (f x))))))))
dbix: ((\ ((\ (0 (\ (\ 1)))) ((0 (\ (((\ (\ (\ ((0 2) 1)))) ((\ (0 (\ (\ 0)))) 0)) ((\ (\ (\ (1 ((2 1) 0))))) ((\ (0 (\ (\ 0)))) 0))))) (((\ (\ (\ ((0 2) 1)))) (\ (\ 0))) (\ (\ 0)))))) (\ (\ (1 (1 (1 (1 (1 (1 (1 (1 0)))))))))))
norm: (\ (\ (1 (1 (1 (1 (1 (1 (1 0)))))))))
read: 7
term: (\m n. n (\n. (\p. p (\x _. x)) (n (\x. (\x y f. f x y) ((\p. p (\_ y. y)) x) ((\n f x. f (n f x)) ((\p. p (\_ y. y)) x))) ((\x y f. f x y) (\f x. x) (\f x. x)))) m) (\f x. f (f x)) (\f x. f (f x))
dbix: (((\ (\ ((0 (\ ((\ (0 (\ (\ 1)))) ((0 (\ (((\ (\ (\ ((0 2) 1)))) ((\ (0 (\ (\ 0)))) 0)) ((\ (\ (\ (1 ((2 1) 0))))) ((\ (0 (\ (\ 0)))) 0))))) (((\ (\ (\ ((0 2) 1)))) (\ (\ 0))) (\ (\ 0))))))) 1))) (\ (\ (1 (1 0))))) (\ (\ (1 (1 0)))))
norm: (\ (\ 0))
read: FALSE
read: 0
term: (\m n. n (\n. (\p. p (\x _. x)) (n (\x. (\x y f. f x y) ((\p. p (\_ y. y)) x) ((\n f x. f (n f x)) ((\p. p (\_ y. y)) x))) ((\x y f. f x y) (\f x. x) (\f x. x)))) m) (\f x. f (f (f (f (f (f (f x))))))) (\f x. f (f (f (f x))))
dbix: (((\ (\ ((0 (\ ((\ (0 (\ (\ 1)))) ((0 (\ (((\ (\ (\ ((0 2) 1)))) ((\ (0 (\ (\ 0)))) 0)) ((\ (\ (\ (1 ((2 1) 0))))) ((\ (0 (\ (\ 0)))) 0))))) (((\ (\ (\ ((0 2) 1)))) (\ (\ 0))) (\ (\ 0))))))) 1))) (\ (\ (1 (1 (1 (1 (1 (1 (1 0)))))))))) (\ (\ (1 (1 (1 (1 0)))))))
norm: (\ (\ (1 (1 (1 0)))))
read: 3
Testing LEQ
term: (\m n. (\n. n (\_ _ y. y) (\x _. x)) ((\m n. n (\n. (\p. p (\x _. x)) (n (\x. (\x y f. f x y) ((\p. p (\_ y. y)) x) ((\n f x. f (n f x)) ((\p. p (\_ y. y)) x))) ((\x y f. f x y) (\f x. x) (\f x. x)))) m) m n)) (\f x. x) (\f x. x)
dbix: (((\ (\ ((\ ((0 (\ (\ (\ 0)))) (\ (\ 1)))) (((\ (\ ((0 (\ ((\ (0 (\ (\ 1)))) ((0 (\ (((\ (\ (\ ((0 2) 1)))) ((\ (0 (\ (\ 0)))) 0)) ((\ (\ (\ (1 ((2 1) 0))))) ((\ (0 (\ (\ 0)))) 0))))) (((\ (\ (\ ((0 2) 1)))) (\ (\ 0))) (\ (\ 0))))))) 1))) 1) 0)))) (\ (\ 0))) (\ (\ 0)))
norm: (\ (\ 1))
read: TRUE
term: (\m n. (\n. n (\_ _ y. y) (\x _. x)) ((\m n. n (\n. (\p. p (\x _. x)) (n (\x. (\x y f. f x y) ((\p. p (\_ y. y)) x) ((\n f x. f (n f x)) ((\p. p (\_ y. y)) x))) ((\x y f. f x y) (\f x. x) (\f x. x)))) m) m n)) (\f x. f (f (f (f x)))) (\f x. f (f x))
dbix: (((\ (\ ((\ ((0 (\ (\ (\ 0)))) (\ (\ 1)))) (((\ (\ ((0 (\ ((\ (0 (\ (\ 1)))) ((0 (\ (((\ (\ (\ ((0 2) 1)))) ((\ (0 (\ (\ 0)))) 0)) ((\ (\ (\ (1 ((2 1) 0))))) ((\ (0 (\ (\ 0)))) 0))))) (((\ (\ (\ ((0 2) 1)))) (\ (\ 0))) (\ (\ 0))))))) 1))) 1) 0)))) (\ (\ (1 (1 (1 (1 0))))))) (\ (\ (1 (1 0)))))
norm: (\ (\ 0))
read: FALSE
read: 0
term: (\m n. (\n. n (\_ _ y. y) (\x _. x)) ((\m n. n (\n. (\p. p (\x _. x)) (n (\x. (\x y f. f x y) ((\p. p (\_ y. y)) x) ((\n f x. f (n f x)) ((\p. p (\_ y. y)) x))) ((\x y f. f x y) (\f x. x) (\f x. x)))) m) m n)) (\f x. f (f x)) (\f x. f (f (f (f x))))
dbix: (((\ (\ ((\ ((0 (\ (\ (\ 0)))) (\ (\ 1)))) (((\ (\ ((0 (\ ((\ (0 (\ (\ 1)))) ((0 (\ (((\ (\ (\ ((0 2) 1)))) ((\ (0 (\ (\ 0)))) 0)) ((\ (\ (\ (1 ((2 1) 0))))) ((\ (0 (\ (\ 0)))) 0))))) (((\ (\ (\ ((0 2) 1)))) (\ (\ 0))) (\ (\ 0))))))) 1))) 1) 0)))) (\ (\ (1 (1 0))))) (\ (\ (1 (1 (1 (1 0)))))))
norm: (\ (\ 1))
read: TRUE
term: (\m n. (\n. n (\_ _ y. y) (\x _. x)) ((\m n. n (\n. (\p. p (\x _. x)) (n (\x. (\x y f. f x y) ((\p. p (\_ y. y)) x) ((\n f x. f (n f x)) ((\p. p (\_ y. y)) x))) ((\x y f. f x y) (\f x. x) (\f x. x)))) m) m n)) (\f x. f (f (f (f x)))) (\f x. f (f (f (f x))))
dbix: (((\ (\ ((\ ((0 (\ (\ (\ 0)))) (\ (\ 1)))) (((\ (\ ((0 (\ ((\ (0 (\ (\ 1)))) ((0 (\ (((\ (\ (\ ((0 2) 1)))) ((\ (0 (\ (\ 0)))) 0)) ((\ (\ (\ (1 ((2 1) 0))))) ((\ (0 (\ (\ 0)))) 0))))) (((\ (\ (\ ((0 2) 1)))) (\ (\ 0))) (\ (\ 0))))))) 1))) 1) 0)))) (\ (\ (1 (1 (1 (1 0))))))) (\ (\ (1 (1 (1 (1 0)))))))
norm: (\ (\ 1))
read: TRUE
Testing LT
term: (\m n. (\p a b. p b a) ((\n. n (\_ _ y. y) (\x _. x)) ((\m n. n (\n. (\p. p (\x _. x)) (n (\x. (\x y f. f x y) ((\p. p (\_ y. y)) x) ((\n f x. f (n f x)) ((\p. p (\_ y. y)) x))) ((\x y f. f x y) (\f x. x) (\f x. x)))) m) n m))) (\f x. x) (\f x. x)
dbix: (((\ (\ ((\ (\ (\ ((2 0) 1)))) ((\ ((0 (\ (\ (\ 0)))) (\ (\ 1)))) (((\ (\ ((0 (\ ((\ (0 (\ (\ 1)))) ((0 (\ (((\ (\ (\ ((0 2) 1)))) ((\ (0 (\ (\ 0)))) 0)) ((\ (\ (\ (1 ((2 1) 0))))) ((\ (0 (\ (\ 0)))) 0))))) (((\ (\ (\ ((0 2) 1)))) (\ (\ 0))) (\ (\ 0))))))) 1))) 0) 1))))) (\ (\ 0))) (\ (\ 0)))
norm: (\ (\ 0))
read: FALSE
read: 0
term: (\m n. (\p a b. p b a) ((\n. n (\_ _ y. y) (\x _. x)) ((\m n. n (\n. (\p. p (\x _. x)) (n (\x. (\x y f. f x y) ((\p. p (\_ y. y)) x) ((\n f x. f (n f x)) ((\p. p (\_ y. y)) x))) ((\x y f. f x y) (\f x. x) (\f x. x)))) m) n m))) (\f x. f (f (f (f x)))) (\f x. f (f x))
dbix: (((\ (\ ((\ (\ (\ ((2 0) 1)))) ((\ ((0 (\ (\ (\ 0)))) (\ (\ 1)))) (((\ (\ ((0 (\ ((\ (0 (\ (\ 1)))) ((0 (\ (((\ (\ (\ ((0 2) 1)))) ((\ (0 (\ (\ 0)))) 0)) ((\ (\ (\ (1 ((2 1) 0))))) ((\ (0 (\ (\ 0)))) 0))))) (((\ (\ (\ ((0 2) 1)))) (\ (\ 0))) (\ (\ 0))))))) 1))) 0) 1))))) (\ (\ (1 (1 (1 (1 0))))))) (\ (\ (1 (1 0)))))
norm: (\ (\ 0))
read: FALSE
read: 0
term: (\m n. (\p a b. p b a) ((\n. n (\_ _ y. y) (\x _. x)) ((\m n. n (\n. (\p. p (\x _. x)) (n (\x. (\x y f. f x y) ((\p. p (\_ y. y)) x) ((\n f x. f (n f x)) ((\p. p (\_ y. y)) x))) ((\x y f. f x y) (\f x. x) (\f x. x)))) m) n m))) (\f x. f (f x)) (\f x. f (f (f (f x))))
dbix: (((\ (\ ((\ (\ (\ ((2 0) 1)))) ((\ ((0 (\ (\ (\ 0)))) (\ (\ 1)))) (((\ (\ ((0 (\ ((\ (0 (\ (\ 1)))) ((0 (\ (((\ (\ (\ ((0 2) 1)))) ((\ (0 (\ (\ 0)))) 0)) ((\ (\ (\ (1 ((2 1) 0))))) ((\ (0 (\ (\ 0)))) 0))))) (((\ (\ (\ ((0 2) 1)))) (\ (\ 0))) (\ (\ 0))))))) 1))) 0) 1))))) (\ (\ (1 (1 0))))) (\ (\ (1 (1 (1 (1 0)))))))
norm: (\ (\ 1))
read: TRUE
term: (\m n. (\p a b. p b a) ((\n. n (\_ _ y. y) (\x _. x)) ((\m n. n (\n. (\p. p (\x _. x)) (n (\x. (\x y f. f x y) ((\p. p (\_ y. y)) x) ((\n f x. f (n f x)) ((\p. p (\_ y. y)) x))) ((\x y f. f x y) (\f x. x) (\f x. x)))) m) n m))) (\f x. f (f (f (f x)))) (\f x. f (f (f (f x))))
dbix: (((\ (\ ((\ (\ (\ ((2 0) 1)))) ((\ ((0 (\ (\ (\ 0)))) (\ (\ 1)))) (((\ (\ ((0 (\ ((\ (0 (\ (\ 1)))) ((0 (\ (((\ (\ (\ ((0 2) 1)))) ((\ (0 (\ (\ 0)))) 0)) ((\ (\ (\ (1 ((2 1) 0))))) ((\ (0 (\ (\ 0)))) 0))))) (((\ (\ (\ ((0 2) 1)))) (\ (\ 0))) (\ (\ 0))))))) 1))) 0) 1))))) (\ (\ (1 (1 (1 (1 0))))))) (\ (\ (1 (1 (1 (1 0)))))))
norm: (\ (\ 0))
read: FALSE
read: 0
