term: (\t. t (\x _ _. x)) ((\x y z f. f x y z) (\f x. f (f (f (f (f (f (f (f x)))))))) ((\x y f. f x y) (\f x. f (f (f (f (f x))))) (\f x. f (f x))) (\f x. f (f (f x))))
dbix: ((\ (0 (\ (\ (\ 2))))) ((((\ (\ (\ (\ (((0 3) 2) 1))))) (\ (\ (1 (1 (1 (1 (1 (1 (1 (1 0))))))))))) (((\ (\ (\ ((0 2) 1)))) (\ (\ (1 (1 (1 (1 (1 0)))))))) (\ (\ (1 (1 0)))))) (\ (\ (1 (1 (1 0)))))))
norm: (\ (\ (1 (1 (1 (1 (1 (1 (1 (1 0))))))))))
read: 8
term: (\p. p (\x _. x)) ((\t. t (\_ y _. y)) ((\x y z f. f x y z) (\f x. f (f (f (f (f (f (f (f x)))))))) ((\x y f. f x y) (\f x. f (f (f (f (f x))))) (\f x. f (f x))) (\f x. f (f (f x)))))
dbix: ((\ (0 (\ (\ 1)))) ((\ (0 (\ (\ (\ 1))))) ((((\ (\ (\ (\ (((0 3) 2) 1))))) (\ (\ (1 (1 (1 (1 (1 (1 (1 (1 0))))))))))) (((\ (\ (\ ((0 2) 1)))) (\ (\ (1 (1 (1 (1 (1 0)))))))) (\ (\ (1 (1 0)))))) (\ (\ (1 (1 (1 0))))))))
norm: (\ (\ (1 (1 (1 (1 (1 0)))))))
read: 5
term: (\p. p (\_ y. y)) ((\t. t (\_ y _. y)) ((\x y z f. f x y z) (\f x. f (f (f (f (f (f (f (f x)))))))) ((\x y f. f x y) (\f x. f (f (f (f (f x))))) (\f x. f (f x))) (\f x. f (f (f x)))))
dbix: ((\ (0 (\ (\ 0)))) ((\ (0 (\ (\ (\ 1))))) ((((\ (\ (\ (\ (((0 3) 2) 1))))) (\ (\ (1 (1 (1 (1 (1 (1 (1 (1 0))))))))))) (((\ (\ (\ ((0 2) 1)))) (\ (\ (1 (1 (1 (1 (1 0)))))))) (\ (\ (1 (1 0)))))) (\ (\ (1 (1 (1 0))))))))
norm: (\ (\ (1 (1 0))))
read: 2
term: (\t. t (\_ _ z. z)) ((\x y z f. f x y z) (\f x. f (f (f (f (f (f (f (f x)))))))) ((\x y f. f x y) (\f x. f (f (f (f (f x))))) (\f x. f (f x))) (\f x. f (f (f x))))
dbix: ((\ (0 (\ (\ (\ 0))))) ((((\ (\ (\ (\ (((0 3) 2) 1))))) (\ (\ (1 (1 (1 (1 (1 (1 (1 (1 0))))))))))) (((\ (\ (\ ((0 2) 1)))) (\ (\ (1 (1 (1 (1 (1 0)))))))) (\ (\ (1 (1 0)))))) (\ (\ (1 (1 (1 0)))))))
norm: (\ (\ (1 (1 (1 0)))))
read: 3
