term: (\x. x) (\f x. f (f (f x)))
dbix: ((\ 0) (\ (\ (1 (1 (1 0))))))
norm: (\ (\ (1 (1 (1 0)))))
read: 3
term: (\x. x) (\x. x)
dbix: ((\ 0) (\ 0))
norm: (\ 0)
term: (\p q. p q p) (\x _. x) (\x _. x)
dbix: (((\ (\ ((1 0) 1))) (\ (\ 1))) (\ (\ 1)))
norm: (\ (\ 1))
read: TRUE
term: (\p q. p q p) (\x _. x) (\_ y. y)
dbix: (((\ (\ ((1 0) 1))) (\ (\ 1))) (\ (\ 0)))
norm: (\ (\ 0))
read: FALSE
read: 0
term: (\p q. p p q) (\x _. x) (\_ y. y)
dbix: (((\ (\ ((1 1) 0))) (\ (\ 1))) (\ (\ 0)))
norm: (\ (\ 1))
read: TRUE
term: (\p q. p p q) (\_ y. y) (\_ y. y)
dbix: (((\ (\ ((1 1) 0))) (\ (\ 0))) (\ (\ 0)))
norm: (\ (\ 0))
read: FALSE
read: 0
term: (\p a b. p b a) ((\p q. p q p) (\x _. x) (\x _. x))
dbix: ((\ (\ (\ ((2 0) 1)))) (((\ (\ ((1 0) 1))) (\ (\ 1))) (\ (\ 1))))
norm: (\ (\ 0))
read: FALSE
read: 0
term: (\p a b. p b a) ((\p q. p p q) (\_ y. y) (\_ y. y))
dbix: ((\ (\ (\ ((2 0) 1)))) (((\ (\ ((1 1) 0))) (\ (\ 0))) (\ (\ 0))))
norm: (\ (\ 1))
read: TRUE
