Testing S, K, I combinators
form: I (seven)
norm: [f. [x. x; f; f; f; f; f; f; f]]
read: 7
======================================================================
form: K (six) (three)
norm: [f. [x. x; f; f; f; f; f; f]]
read: 6
======================================================================
form: K
norm: [x. [_. x]]
read: True
======================================================================
form: K; S
norm: [y. [z. z]]
read: False
read: 0
======================================================================
form: true (K; S) (K)
norm: [y. [z. z]]
read: False
read: 0
======================================================================
form: false (K; S) (K)
norm: [x. [_. x]]
read: True
======================================================================
form: S (K) (I) (K (I) (S))
norm: [x. x]
======================================================================
form: K (S) (I (S (K) (S) (I)))
norm: [x. [y. [z. z; y; x (z)]]]
======================================================================
form: S (K) (I) (K)
norm: [x. [_. x]]
read: True
======================================================================
Testing B, C, W combinators
form: B
norm: [x. [y. [z. z; y; x]]]
read: -1
======================================================================
form: S (S; K) (K)
norm: [z. [y. [zF. zF; y; z]]]
read: -1
======================================================================
form: C
norm: [x. [y. [z. y; x (z)]]]
======================================================================
form: S (S (K (S (S; K) (K))) (S)) (K; K)
norm: [z. [zG. [zH. zG; z (zH)]]]
======================================================================
form: W
norm: [x. [y. y; x (y)]]
======================================================================
form: S (S) (K; S)
norm: [z. [zI. zI; z (zI)]]
======================================================================
form: I
norm: [x. x]
======================================================================
form: W (K)
norm: [y. y]
======================================================================
form: S
norm: [x. [y. [z. z; y; x (z)]]]
======================================================================
form: B (B (W; B) (C)) (B; B)
norm: [z. [zJ. [y. y; zJ; z (y)]]]
======================================================================
form: B (W; B) (B (B) (C))
norm: [z. [zK. [y. y; zK; z (y)]]]
======================================================================
Testing SCAM name capture case
form: S (K (S)) (K)
norm: [z. [y. [zL. zL; y; z]]]
read: -1
======================================================================
