Testing numeric library functions
form: fib-slow (10)
norm: 55
======================================================================
form: fib (30)
norm: 832040
======================================================================
form: $fill (30, fib)
norm: [0 | 1 | 1 | 2 | 3 | 5 | 8 | 13 | 21 | 34 | 55 | 89 | 144 | 233 | 377 | 610 | 987 | 1597 | 2584 | 4181 | 6765 | 10946 | 17711 | 28657 | 46368 | 75025 | 121393 | 196418 | 317811 | 514229]
======================================================================
form: fact (9)
norm: 362880
======================================================================
form: facta (9)
norm: 362880
======================================================================
form: $fill (9, fact)
norm: [1 | 1 | 2 | 6 | 24 | 120 | 720 | 5040 | 40320]
======================================================================
