Testing primitive addition
form: 0 + 0
norm: 0
======================================================================
form: 0 + 1
norm: 1
======================================================================
form: 1 + 1
norm: 2
======================================================================
form: 1 + -1
norm: 0
======================================================================
form: -1 + -1
norm: -2
======================================================================
form: 997 + 3
norm: 1000
======================================================================
form: 77 + -76
norm: 1
======================================================================
Testing primitive subtraction
form: 0 - 0
norm: 0
======================================================================
form: 0 - 1
norm: -1
======================================================================
form: 1 - 1
norm: 0
======================================================================
form: 1 - 0
norm: 1
======================================================================
form: -1 - 1
norm: -2
======================================================================
form: 1 - -1
norm: 2
======================================================================
form: 27 - 30
norm: -3
======================================================================
form: 50 - 25
norm: 25
======================================================================
form: 5e+06 - 1
norm: 5e+06
======================================================================
form: 5e+06 - 10
norm: 4.99999e+06
======================================================================
form: 5e+06 - 1e+06
norm: 4e+06
======================================================================
Testing primitive multiplication
form: 0 * 0
norm: 0
======================================================================
form: 0 * 1
norm: 0
======================================================================
form: 1 * 0
norm: 0
======================================================================
form: 1 * 1
norm: 1
======================================================================
form: 1 * 2
norm: 2
======================================================================
form: 2 * 2
norm: 4
======================================================================
form: -2 * 2
norm: -4
======================================================================
form: -2 * -2
norm: 4
======================================================================
form: 1.001 * 1.001
norm: 1.002
======================================================================
Testing primitive division
form: 1 / 1
norm: 1
======================================================================
form: 2 / 1
norm: 2
======================================================================
form: 2 / 2
norm: 1
======================================================================
form: 4 / 2
norm: 2
======================================================================
form: 3 / 2
norm: 1.5
======================================================================
form: 3 / -3
norm: -1
======================================================================
form: 1 / 0
norm: inf
======================================================================
Testing primitive equalities
form: 0 == 0
norm: 1
======================================================================
form: 0 == 1
norm: 0
======================================================================
form: 1 == 1
norm: 1
======================================================================
form: 1 == 0
norm: 0
======================================================================
form: 1 == -1
norm: 0
======================================================================
form: -1 == 1
norm: 0
======================================================================
form: 1 == 2
norm: 0
======================================================================
form: 1 + 1 == 2
norm: 1
======================================================================
form: 5e+06 == 5e+06 - 1
norm: 0
======================================================================
form: 0 != 0
norm: 0
======================================================================
form: 0 != 1
norm: 1
======================================================================
form: 1 != 1
norm: 0
======================================================================
form: 1 != 0
norm: 1
======================================================================
form: 1 != -1
norm: 1
======================================================================
form: -1 != 1
norm: 1
======================================================================
form: 1 != 2
norm: 1
======================================================================
form: 1 + 1 != 2
norm: 0
======================================================================
form: 5e+06 != 5e+06 - 1
norm: 1
======================================================================
Testing primitive inequalities
form: 0 < 0
norm: 0
======================================================================
form: 0 < 1
norm: 1
======================================================================
form: -1 < 0
norm: 1
======================================================================
form: -1 < 1
norm: 1
======================================================================
form: 1 < -1
norm: 0
======================================================================
form: 1 < 2
norm: 1
======================================================================
form: 1 < 1
norm: 0
======================================================================
form: 2 < 1
norm: 0
======================================================================
form: 2 < 2
norm: 0
======================================================================
form: -2 < -2
norm: 0
======================================================================
form: 0 <= 0
norm: 1
======================================================================
form: 0 <= 1
norm: 1
======================================================================
form: -1 <= 0
norm: 1
======================================================================
form: -1 <= 1
norm: 1
======================================================================
form: 1 <= -1
norm: 0
======================================================================
form: 1 <= 2
norm: 1
======================================================================
form: 1 <= 1
norm: 1
======================================================================
form: 2 <= 1
norm: 0
======================================================================
form: 2 <= 2
norm: 1
======================================================================
form: -2 <= -2
norm: 1
======================================================================
form: 0 > 0
norm: 0
======================================================================
form: 0 > 1
norm: 0
======================================================================
form: -1 > 0
norm: 0
======================================================================
form: -1 > 1
norm: 0
======================================================================
form: 1 > -1
norm: 1
======================================================================
form: 1 > 2
norm: 0
======================================================================
form: 1 > 1
norm: 0
======================================================================
form: 2 > 1
norm: 1
======================================================================
form: 2 > 2
norm: 0
======================================================================
form: -2 > -2
norm: 0
======================================================================
form: 0 >= 0
norm: 1
======================================================================
form: 0 >= 1
norm: 0
======================================================================
form: -1 >= 0
norm: 0
======================================================================
form: -1 >= 1
norm: 0
======================================================================
form: 1 >= -1
norm: 1
======================================================================
form: 1 >= 2
norm: 0
======================================================================
form: 1 >= 1
norm: 1
======================================================================
form: 2 >= 1
norm: 1
======================================================================
form: 2 >= 2
norm: 1
======================================================================
form: -2 >= -2
norm: 1
======================================================================
Testing order of operations
form: 3 + 5 * 5
norm: 28
======================================================================
form: 9 - 2 / 2
norm: 8
======================================================================
form: 3 == 1.5 + 1.5
norm: 1
======================================================================
Testing irreducible primitives
form: x + 0
norm: x + 0
======================================================================
form: 0 + x
norm: 0 + x
======================================================================
form: x + y
norm: x + y
======================================================================
form: [x. 4 + x] + 2
norm: [xA. 4 + xA] + 2
======================================================================
form: a == 5
norm: a == 5
======================================================================
form: 5 == a
norm: 5 == a
======================================================================
form: a == b
norm: a == b
======================================================================
form: [x, y. x == y]
norm: [xB, yC. xB == yC]
======================================================================
Testing numeric library functions
form: nth-fib (30)
norm: 832040
======================================================================
