form: div (six, three)
norm: [f. [x. x; f; f]]
read: 2
======================================================================
form: mod (seven, four)
norm: [f. [x. x; f; f; f]]
read: 3
======================================================================
form: divmod (five, two)
norm: [[f. [x. x; f; f]] | [f. [x. x; f]]]
======================================================================
form: #0 divmod (ten, three)
norm: [f. [x. x; f; f; f]]
read: 3
======================================================================
form: #1 divmod (nine, four)
norm: [f. [x. x; f]]
read: 1
======================================================================
