Testing basic list length
form: basic-length (nil)
norm: 0
======================================================================
form: basic-length (singleton)
norm: 1
======================================================================
form: basic-length (fruits)
norm: 4
======================================================================
Testing list fold
form: fold (pass, fold-noop, nil)
norm: pass
======================================================================
form: fold (pass, fold-noop, singleton)
norm: pass
======================================================================
form: fold (pass, fold-noop, fruits)
norm: pass
======================================================================
Testing combined list functions
form: 100; iota; sum
norm: 5050
======================================================================
