Testing pair syntax
form: [a | b]
norm: [a | b]
======================================================================
form: [0 | 1]
norm: [0 | 1]
======================================================================
form: [0 | [1 | 2]]
norm: [0 | [1 | 2]]
======================================================================
form: [[x. x + 1] | [y. y - 1]]
norm: [[x. x + 1] | [y. y - 1]]
======================================================================
form: test-cons (3, 4)
norm: [3 | 4]
======================================================================
form: test-cons (apple, test-cons (banana, cherry))
norm: [apple | [banana | cherry]]
======================================================================
Testing basic pair destructors
form: #0 [pass | fail]
norm: pass
======================================================================
form: #1 [fail | pass]
norm: pass
======================================================================
form: #0 p0
norm: fst
======================================================================
form: #1 p0
norm: snd
======================================================================
Testing unevaluated pair destructors
form: #0 u
norm: #0 u
======================================================================
form: #0 8
norm: #0 8
======================================================================
form: #0 [x. x * x]
norm: #0 [x. x * x]
======================================================================
Testing nested pairs
form: #0 #0 p1
norm: a
======================================================================
form: #1 #0 p1
norm: b
======================================================================
form: #0 #1 p1
norm: c
======================================================================
form: #1 #1 p1
norm: d
======================================================================
form: p1; carfn; carfn
norm: a
======================================================================
form: p1; carfn; cdrfn
norm: b
======================================================================
form: p1; cdrfn; carfn
norm: c
======================================================================
form: p1; cdrfn; cdrfn
norm: d
======================================================================
