Testing regression cases
form: [x. x] ([y. y]) (v)
norm: v
======================================================================
form: [x. [y. x + y]] (5)
norm: [y. 5 + y]
======================================================================
form: [x. x + 1] [f. [f | 1]]
norm: [[x. x + 1] | 1]
======================================================================
form: q
norm: [x. x]
======================================================================
form: pred
norm: [n. [x. (x, x) [xM, y. [f. y; f (xM)]]]; n]
======================================================================
