form: I; F; D
norm: #y; #y
======================================================================
form: AG12-S
norm: [x. x]
======================================================================
form: let {let := 7} let + let
norm: 14
======================================================================
form: let {let := 7} let {let := 5} let + let
norm: 10
======================================================================
form: let {let := let} let
norm: let
======================================================================
